{
  "list3": [
    {},
    { "c":  "e" }
  ],
  "list5": [
    [1, 2, 3],
    [4, 5, 6]
  ]
}
