{
  "size": 43025.0,
  "stargazers_count": 35476.0,
  "watchers_count": 35476.0,
  "forks_count": 3987.0,
  "open_issues_count": 257.0,
  "forks": 3987.0,
  "open_issues": 257.0,
  "watchers": 47823.0,
  "network_count": 2826.0,
  "subscribers_count": 987.0
}
